[1.337s] Invoking command in '/home/pn24/ece470lab/lab_files/build/ece470labs': DEBUGINFOD_URLS=https://debuginfod.ubuntu.com PYTHONPATH=/home/pn24/ece470lab/lab_files/build/ece470labs/prefix_override:/usr/lib/python3/dist-packages/colcon_core/task/python/colcon_distutils_commands:/home/pn24/ece470lab/lab_files/install/ece470labs/lib/python3.12/site-packages: /usr/bin/python3 -W ignore:setup.py install is deprecated -W ignore:easy_install command is deprecated setup.py develop --editable --build-directory /home/pn24/ece470lab/lab_files/build/ece470labs/build --no-deps symlink_data
[1.707s] running develop
[1.817s] running egg_info
[1.817s] creating ece470labs.egg-info
[1.827s] writing ece470labs.egg-info/PKG-INFO
[1.827s] writing dependency_links to ece470labs.egg-info/dependency_links.txt
[1.827s] writing entry points to ece470labs.egg-info/entry_points.txt
[1.827s] writing requirements to ece470labs.egg-info/requires.txt
[1.828s] writing top-level names to ece470labs.egg-info/top_level.txt
[1.828s] writing manifest file 'ece470labs.egg-info/SOURCES.txt'
[1.853s] reading manifest file 'ece470labs.egg-info/SOURCES.txt'
[1.853s] writing manifest file 'ece470labs.egg-info/SOURCES.txt'
[1.874s] running build_ext
[1.874s] Creating /home/pn24/ece470lab/lab_files/install/ece470labs/lib/python3.12/site-packages/ece470labs.egg-link (link to .)
[1.875s] Installing lab2_exec script to /home/pn24/ece470lab/lab_files/install/ece470labs/lib/ece470labs
[1.875s] Installing lab3_exec script to /home/pn24/ece470lab/lab_files/install/ece470labs/lib/ece470labs
[1.875s] Installing lab4_exec script to /home/pn24/ece470lab/lab_files/install/ece470labs/lib/ece470labs
[1.875s] Installing lab5_exec script to /home/pn24/ece470lab/lab_files/install/ece470labs/lib/ece470labs
[1.875s] 
[1.876s] Installed /home/pn24/ece470lab/lab_files/build/ece470labs
[1.876s] running symlink_data
[1.876s] creating /home/pn24/ece470lab/lab_files/install/ece470labs/share/ament_index
[1.876s] creating /home/pn24/ece470lab/lab_files/install/ece470labs/share/ament_index/resource_index
[1.876s] creating /home/pn24/ece470lab/lab_files/install/ece470labs/share/ament_index/resource_index/packages
[1.876s] symbolically linking /home/pn24/ece470lab/lab_files/build/ece470labs/resource/ece470labs -> /home/pn24/ece470lab/lab_files/install/ece470labs/share/ament_index/resource_index/packages
[1.876s] symbolically linking /home/pn24/ece470lab/lab_files/build/ece470labs/package.xml -> /home/pn24/ece470lab/lab_files/install/ece470labs/share/ece470labs
[1.906s] Invoked command in '/home/pn24/ece470lab/lab_files/build/ece470labs' returned '0': DEBUGINFOD_URLS=https://debuginfod.ubuntu.com PYTHONPATH=/home/pn24/ece470lab/lab_files/build/ece470labs/prefix_override:/usr/lib/python3/dist-packages/colcon_core/task/python/colcon_distutils_commands:/home/pn24/ece470lab/lab_files/install/ece470labs/lib/python3.12/site-packages: /usr/bin/python3 -W ignore:setup.py install is deprecated -W ignore:easy_install command is deprecated setup.py develop --editable --build-directory /home/pn24/ece470lab/lab_files/build/ece470labs/build --no-deps symlink_data
